  ✅ 后台登录成功并拿到 token

== 链路 0：活动中心（状态机 → 灰度 → 预算）：写走后台路径，读走 C 端
  ✅ 创建草稿活动（ACT-SMOKE-1790828193-915）
  ✅ 草稿态不可参与
  ✅ DRAFT 直接 APPROVE 被状态机拒绝（41001）
  ✅ SUBMIT → AUDITING
  ✅ APPROVE → GRAY
  ✅ PROMOTE → ONLINE
  ✅ 上线后可参与
  ✅ 未配灰度规则按全量放行
  ✅ 已配灰度活动（ACT2026001 percent=100）命中
  ✅ 预算扣减 30 元成功
  ✅ 剩余预算 7000 分
  ✅ 同 bizKey 重复扣减幂等返回
  ✅ 重复扣减在 data 里标成 REPLAYED
  ✅ 同 bizKey 换活动仍真扣（DEDUCTED）
  ✅ 重复扣减未二次扣款（仍 7000 分）
  ✅ 超余额扣减被拒（41003 预算不足）
  ✅ 被拒扣减不留痕（余额仍 7000 分）
  ✅ 第二笔 bizKey 扣减 20 元成功
  ✅ 两笔扣减后余额精确递减到 5000 分
  ✅ 重复活动编号被拒
  ✅ FINISH 进入终态
  ✅ 终态后不可参与

== 链路 1：领券（网关 → 风控 → Lua 预扣 → MQ → 幂等落库 → 轮询 → 核销）
  ✅ 领券受理（requestId=SMOKE-1790828193-30093）
  ✅ 轮询到领券 SUCCESS 并返回券码
  ✅ 用户可用券列表包含新券
  ✅ 核销成功
  ✅ 同 requestId 重复领券幂等回放原受理凭证（不重复扣库存）

== 链路 2：优惠计算（满200减30 与 8.5 折叠加 + 行级分摊）
  ✅ 总价 299.90 > 满减门槛 200，命中优惠
  ✅ 返回行级分摊

== 链路 3：秒杀（预热 → 抢购 → MQ 建单 → 轮询 → 支付）
  ✅ 在线秒杀活动 SK2026001
  ✅ 抢购受理返回排队 token
  ✅ 轮询到下单 SUCCESS
  ✅ 模拟支付回调成功
  ✅ 同用户重复抢购被拒绝

== 链路 3+：并发防超卖（按当前余量自适应并发）
  ✅ 库存基线可读（total=5000 sold=131 余量=4869，本轮并发 60）
  受理 0 / 拒绝 60（售罄或限流）
  ✅ 受理+拒绝守恒等于并发数（60）
  ✅ 全部受理请求最终下单成功（异步链路闭环）
  ✅ Redis 分桶无超卖（余量 4869 ≥ 0）
  DB sold_stock: 131 → 131；Redis 余量 4869；总库存 5000
  ✅ 账实一致：分桶余量 + DB 已售 == 总库存（4869 + 131 == 5000）

== 链路 4：管理后台（两套凭证不互通 → 角色 → 分页 → 重预热生效 → 留痕）
  ✅ 不存在的账号与口令错同码
  ✅ 无凭证访问后台被拒
  ✅ C 端 token 打后台被拒
  ✅ 无凭证打后台回真实 HTTP 401（不是 200+40100）
  ✅ 只读角色调写接口 40300
  ✅ 只读角色调读接口放行
  ✅ 分页响应带 total
  ✅ 当页条数未超请求的 size
  ✅ 只改 DB 时预扣缓存不动（地雷 A 的现状被钉住）
  ✅ 重预热按公式抬到新口径
  ✅ 重预热后 C 端余额等于新口径（5100 分）
  ✅ 本轮动作写入审计

== 链路 5：在线配置下发（不重启改阈值 → 快照丢失退 yml → 灰度真值在 DB）
  ✅ 配置页报出自己的形态 form=LITE
  ✅ 写 GLOBAL 阈值成功且生效值=3
  ✅ 阈值 3/s 不重启生效（6 发中 3 发 429）
  ✅ 越界值被拒（40000）
  ✅ 越界值的报错点出允许区间
  ✅ 未声明的键被拒（40000）
  ✅ 未声明键的报错说明为什么不能改
  ✅ operator 改阈值被拒（40300）
  ✅ 被拒的报错点名需要的角色
  ✅ 另一档（FULL）写 199999 不污染本档 form=LITE
  ✅ 快照被删后退回 yml 出厂值（6 发全通过）
  ✅ 重新广播返回成功码
  ✅ 重广播后在线值重新生效（3 发 429）
  ✅ 删除覆盖返回成功
  ✅ 删行后回到本档出厂阈值
  ✅ 灰度 5% 下同一身份的判定是确定的（两次一致，不是每次掷骰子）
  ✅ 灰度 100% 时本人放行
  ✅ 灰度 0% 时本人被拒
  ✅ 删光 Redis 键后灰度仍按 DB 列判（0%，不是全量放行）
  ✅ 种子活动 ACT2026001 的灰度仍是 100%

== 链路 6：写入口收口（配置类写只剩 /api/admin/**，绕过网关等于没有凭证）
  ✅ C 端 POST /api/activity 已收口（40400 资源不存在）
  ✅ C 端改预算路径已收口（40400）
  ✅ C 端交易写路径未被收口误伤（领券受理）
  ✅ 后台 token 打 C 端交易路径被拒（40100）
  ✅ 只带裸 X-Admin-* 头直连业务端口被拒（伪造头不等于凭证）
  ✅ 同一发直连请求带合法 token 时身份放行（拒的是凭证不是路由）
  ✅ 只带裸 X-User-Id 直连业务端口被拒（C 端与后台同一条理由）
  ✅ 同一发直连请求带签名 token 时身份放行（拒的是凭证不是路由）
  ✅ 旧的 C 端共享 demo token 不再通 anywhere（40100）
  ✅ 新账号首领限领=1 的模板成功（受理）
  ✅ 同一身份换 requestId 再领被按本人拦下（41000，证明归属跟着 token 走）
  ✅ 后台规则列表可读（③ 之后 discount 唯一的 GET）

== 链路 7：运维只读聚合（同式对拍积压 → 不可见不许填 0 → 恒等式能看见也能修好）
  ✅ 运维总览可读了（200）
  ✅ 总览自报指标源与逐 target 路径
  ✅ ④ 的未排空合计与直连 SQL 同式相等（0）
  ✅ 聚合档下 Stream 通道深度可读（不是空数组）
  ✅ 面板基线可读：本档 budget 抽样内有 1 条不符
  ✅ 缓存被改错后面板的不符条数涨了（1 → 2，不是安静地显示 0）
  ✅ 重预热后面板回落到基线（2 → 1，④ 只读、③ 才修，这条线是通的）
  ✅ 网关的限流拒绝数带 route 维度进了面板

== 链路 8：后台界面（加了界面 ≠ 加了口子；缓存头错了会让人跑到旧索引上）
  ✅ 后台首页可打开（200，不带任何 token）
  ✅ 索引页 no-store（缓存了它就会拿旧索引去要新指纹）
  ✅ 深链回退到索引页（history 路由直接刷新才打得开）
  ✅ 指纹资源给一年 immutable
  ✅ 缺文件就是 404，不许回退成一份 HTML（否则浏览器只报模块加载失败）
  ✅ 界面不给数据开旁路：无凭证打后台读接口仍是 40100

== 链路 9：消费者身份语义（旧 refresh 重放 = 整条会话作废；登出与改密当场生效）
  ✅ 当前身份可读，归属取自签名 token（不是请求体自报）
  ✅ refresh 换到一对新凭证
  ✅ 轮换后的新 access 可用
  ✅ 旧 refresh 第二次出现被拒（40100）
  ✅ 重放把整条会话吊销：刚换到的新 access 当场失效（40102）
  ✅ 同一条会话上轮换前的旧 access 一起失效（jti 在轮换中不变）
  ✅ 重新登录后又有了一条有效会话
  ✅ 登出后那枚 access 立即失效（40102，不是等 15 分钟自然过期）
  ✅ 改密请求被接受
  ✅ 改密作废该账号全部会话：手里那枚 access 当场 40102
  ✅ 新口令能登录（改的是哈希，不只是把人踢下线）
  ✅ 旧口令不再能登录，且对外仍是同一句话

== 收尾：清理在线配置、登出与会话吊销（链路 5 之后才做，全脚本只登录这几次）
  ✅ 本轮写过的真值行已全部清掉（不留 3/s 或 199999 给下一档）
  ✅ 业务侧审计已全部 drain 落表（pending 流归零）
  ✅ 本轮活动写动作确实进了审计表
  ✅ 登出后会话立即失效
  ✅ 冒烟痕迹已清（DELETE FROM marketing.user_coupon WHERE user_id IN (70069,70070,70071) 已执行）
  ✅ 冒烟痕迹已清（DELETE FROM marketing.seckill_order WHERE user_id IN (70069,70070,70071) 已执行）
  ✅ 冒烟痕迹已清（DELETE FROM marketing.consumer_session WHERE user_id IN (70069,70070,70071) 已执行）
  ✅ 冒烟痕迹已清（DELETE FROM marketing.consumer_event_log WHERE user_id IN (70069,70070,70071) 已执行）
  ✅ 冒烟痕迹已清（DELETE FROM marketing.consumer_user WHERE id IN (70069,70070,70071) 已执行）

================ 冒烟结果：通过 119 / 失败 0 ================
