== 1/8 sliding_window.lua（网关限流：ZSET 滑窗）
  ✅ 窗口内第 1 发放行
  ✅ 窗口内第 2 发放行
  ✅ 超过阈值第 3 发限流
  ✅ 时间前进超过窗口后旧请求被裁剪、重新放行
== 2/8 deduct_stock.lua（券预扣：库存 × 单人限领原子判定）
  ✅ 库存 5 领 1 成功
  ✅ 第二张仍在限领内
  ✅ 第三张撞单人限领（-1），库存不动
  ✅ 库存未因被拒的多扣
  ✅ 库存 1 领 2 拒（0 库存不足）
  ✅ 键未预热（-2）且不创建幽灵键
  ✅ 被拒后库存键仍不存在
== 3/8 rollback_stock.lua（券回补：EXISTS 守卫 + token 去重 + 用户计数回减）
  ✅ 回补 1 张后返回新库存 6
  ✅ 用户计数回减到 1
  ✅ 同 token 二次回补被去重拒掉（-2，防窄双退）
  ✅   库存没有二次回补
  ✅ 不同 token（另一次预扣）照常回补到 7
  ✅ 库存键缺失拒绝回补（-1，不占 token）
  ✅ 未凭空创建幽灵库存键
  ✅   去重标记也未落（之后的合法重试仍可回补）
== 4/8 deduct_budget.lua（预算扣减）
  ✅ 余额 100 扣 30 成功
  ✅ 扣后余 70
  ✅ 余 70 扣 80 拒（0 余额不足）
  ✅ 被拒后余额不动
  ✅ 键未预热（-1）
== 5/8 gate_cas.lua（活动闸门版本化 CAS：五种情形）
  ✅ ①键缺失直写
  ✅   写入形状带版本
  ✅ ②先升到版本 5
  ✅ 旧快照(3)＜键内(5)拒写
  ✅   值未被旧快照覆盖
  ✅ ③新版本(7)＞键内(3)覆盖
  ✅   值更新为新版本
  ✅ ④同版本重写幂等放行(>=)
  ✅ ⑤旧代码裸值视 version=0，新版本覆盖
  ✅   覆盖后形状升级为带版本
  ✅ 灰度形状：旧快照(3)＜键内(5)拒写
  ✅   三段值未被旧快照覆盖
  ✅ 灰度形状：新版本(7)覆盖三段值
  ✅   版本段取最后一个 | 之后
  ✅ 灰度两段旧形状（白名单段非数字）视 version=0，可覆盖
== 6/8 seckill_grab.lua（hash 定位 + 环形借桶）
  ✅ hash 定位命中 2 号桶
  ✅ 命中桶扣减
  ✅ 目标桶空时环形借到 3 号桶
  ✅ 全部桶空 → 售罄(0)
  ✅ 首桶键缺失 → 未预热(-2)
== 7/8 seckill_refill.lua（超时取消回补原桶）
  ✅ 回补 2 号桶 1 张成功
  ✅   桶值 +1
  ✅ 桶号越界拒绝（-2）
  ✅ 桶键失效拒绝（-2）
== 8/8 refund_budget.lua（退款差额封顶原子判定，2026-10-01 P2-4）
  ✅ 当前低于期望 → 全额退 500
  ✅   余额回到期望值 7500
  ✅ 当前高于期望 → 封顶退 0
  ✅   余额分文未动
  ✅ 差额不足 → 按差额退 200
  ✅   余额恰收敛到期望
  ✅ 键缺失 → -1（只落流水，不凭空起算）
  ✅   未创建幽灵键

================ Lua 契约：通过 56 / 失败 0 ================
